PayloadTooLargeError: request entity too large
    at readStream (C:\Users\rasmu\Documents\Woodstock Assembly Viewer\node_modules\raw-body\index.js:163:17)
    at getRawBody (C:\Users\rasmu\Documents\Woodstock Assembly Viewer\node_modules\raw-body\index.js:116:12)
    at read (C:\Users\rasmu\Documents\Woodstock Assembly Viewer\node_modules\body-parser\lib\read.js:79:3)
    at jsonParser (C:\Users\rasmu\Documents\Woodstock Assembly Viewer\node_modules\body-parser\lib\types\json.js:138:5)
    at Layer.handle [as handle_request] (C:\Users\rasmu\Documents\Woodstock Assembly Viewer\node_modules\express\lib\router\layer.js:95:5)
    at trim_prefix (C:\Users\rasmu\Documents\Woodstock Assembly Viewer\node_modules\express\lib\router\index.js:328:13)
    at C:\Users\rasmu\Documents\Woodstock Assembly Viewer\node_modules\express\lib\router\index.js:286:9
    at router.process_params (C:\Users\rasmu\Documents\Woodstock Assembly Viewer\node_modules\express\lib\router\index.js:346:12)
    at next (C:\Users\rasmu\Documents\Woodstock Assembly Viewer\node_modules\express\lib\router\index.js:280:10)
    at cors (C:\Users\rasmu\Documents\Woodstock Assembly Viewer\node_modules\cors\lib\index.js:188:7)
PayloadTooLargeError: request entity too large
    at readStream (C:\Users\rasmu\Documents\Woodstock Assembly Viewer\node_modules\raw-body\index.js:163:17)
    at getRawBody (C:\Users\rasmu\Documents\Woodstock Assembly Viewer\node_modules\raw-body\index.js:116:12)
    at read (C:\Users\rasmu\Documents\Woodstock Assembly Viewer\node_modules\body-parser\lib\read.js:79:3)
    at jsonParser (C:\Users\rasmu\Documents\Woodstock Assembly Viewer\node_modules\body-parser\lib\types\json.js:138:5)
    at Layer.handle [as handle_request] (C:\Users\rasmu\Documents\Woodstock Assembly Viewer\node_modules\express\lib\router\layer.js:95:5)
    at trim_prefix (C:\Users\rasmu\Documents\Woodstock Assembly Viewer\node_modules\express\lib\router\index.js:328:13)
    at C:\Users\rasmu\Documents\Woodstock Assembly Viewer\node_modules\express\lib\router\index.js:286:9
    at router.process_params (C:\Users\rasmu\Documents\Woodstock Assembly Viewer\node_modules\express\lib\router\index.js:346:12)
    at next (C:\Users\rasmu\Documents\Woodstock Assembly Viewer\node_modules\express\lib\router\index.js:280:10)
    at cors (C:\Users\rasmu\Documents\Woodstock Assembly Viewer\node_modules\cors\lib\index.js:188:7)
